GAMS 25.1.2  r67455 Released Aug  1, 2018 WEX-WEI x86 64bit/MS Windows - 11/26/18 17:56:17 Page 1
G e n e r a l   A l g e b r a i c   M o d e l i n g   S y s t e m
C o m p i l a t i o n


   1   
   2  ********************************************************************************
      The Dispatch and Investment Evaluation Tool with Endogenous Renewables (DIETER).
      Version 1.3.0, October 2017.
      Written by Alexander Zerrahn and Wolf-Peter Schill.
      This work is licensed under the MIT License (MIT).
      For more information on this license, visit http://opensource.org/licenses/mit-license.php.
      Whenever you use this code, please refer to http://www.diw.de/dieter.
      We are happy to receive feedback under azerrahn@diw.de and wschill@diw.de.
  12  ********************************************************************************
  13   
  14   
  15  Variables
  16  Z                  Value objective function [Euro]
  17  lambda_enerbal     Dual variable on energy balance (1a)
  18  lambda_resgen      Dual variable on renewable generation (3e)
  19  lambda_convgen     Dual variable on conventional generation level (2a)
  20  lambda_stolev      Dual variable on storage level  (4b)
  21  ;
  22   
  23  Positive Variables
  24  G_L(tech,h)            Generation level in hour h [MWh]
****         $120,120
**** 120  Unknown identifier entered as set
  25  G_UP(tech,h)           Generation upshift in hour h [MWh]
  26  G_DO(tech,h)           Generation downshift in hour h [MWh]
  27  G_RES(tech,h)          Generation renewables type res in hour h [MWh]
  28  CU(tech,h)             Renewables curtailment technology res in hour h [MWh]
  29   
  30  STO_IN(sto,h)          Storage inflow technology sto hour h [MWh]
****           $120
**** 120  Unknown identifier entered as set
  31  STO_OUT(sto,h)         Storage outflow technology sto hour h [MWh]
  32  STO_L(sto,h)           Storage level technology sto hour h [MWh]
  33   
  34  N_TECH(tech)           Technology tech built [MW]
  35  N_STO_E(sto)           Storage technology built - Energy [MWh]
  36  N_STO_P(sto)           Storage loading and discharging capacity built - Capacity [MW]
  37   
  38  CU_PRO(tech,h)                 Prosumage: curtailment of renewable generation in hour h [MWh]
  39  G_MARKET_PRO2M(tech,h)         Prosumage. energy sent to market in hour h [MWh]
  40  G_MARKET_M2PRO(h)              Prosumage: withdrawal of energy from market in hour h [MWh]
  41  G_RES_PRO(tech,h)              Prosumage: hourly renewables generation in hour h [MWh]
  42  STO_IN_PRO2PRO(tech,sto,h)     Prosumage: storage loading from generation for discharging to consumption in hour h [MWh]
  43  STO_OUT_PRO2PRO(sto,h)         Prosumage: storage discharging to consumption from generation in hour h [MWh]
  44  STO_L_PRO2PRO(sto,h)           Prosumage: storage level generation to consumption in hour h [MWh]
  45  N_STO_E_PRO(sto)               Prosumage: installed storage energy [MWh]
  46  N_STO_P_PRO(sto)               Prosumage: installed storage power [MW]
  47  N_RES_PRO(tech)                Prosumage: installed renewables capacities [MW]
  48   
  49   
  50  mu_stoin_cap          Dual variable on storage loading capacity constraint (4d)
  51  mu_stout_cap          Dual variable on storage discharging capacity constraint (4e)
  52  mu_stolev_cap         Dual variable on energy capacity constraint (4c)
  53  mu_conv_cap           Dual variable on conventional generation capacity constraint (3a)
  54  mu_bio_cap            Dual variable on storage bio energy constraint (5b)
  55  mu_dis_max_i          Dual variable on dispatchable installation constraint (8a)
  56  mu_nondis_max_i       Dual variable on nondispatchable installation constraint (8a)
  57  mu_tech_max_i         Dual variable on tech installation constraint (8a)
  58  mu_stop_max_i         Dual variable on storage power installation constraint  (8c)
  59  mu_stoe_max_i         Dual variable on storage energy installation constraint  (8b)
  60  mu_minRES             Dual variable on minimum renewable share constraint (5a)
  61   
  62  ;
  63   
  64  Set
  65  dis_bio(tech)          Subset of dispatchable technology: Bio mass        /bio/
****                                                                               $361
**** 361  Values for domain 1 are unknown - no checking possible
  66  ;
  67   
  68   
  69  ********************************************************************************
  70   
  71  Equations
  72  * Objective
  73  obj                      Objective cost minimization
  74   
  75  * Energy balance
  76  con1a_bal                Energy Balance
  77   
  78  * Load change costs
  79  con2a_loadlevel          Load change costs: Level
  80  con2b_loadlevelstart     Load change costs: Level for first period
  81  con2_loadlevel           Load change costs: Level of all periods (2a+2b)
  82  * Capacity contraints and flexibility constraints
  83  con3a_maxprod_dispatchable       Capacity Constraint conventionals
  84  con3e_maxprod_res                Capacity constraints renewables
  85   
  86  * Storage constraints
  87  con4a_stolev_start        Storage Level Dynamics Initial Condition
  88  con4b_stolev              Storage Level Dynamics
  89  con4_stolev               Storage Level Dynamics all periods(4a + 4b)
  90  con4c_stolev_max          Storage Power Capacity
  91  con4d_maxin_sto           Storage maximum inflow
  92  con4e_maxout_sto          Storage maximum outflow
  93  con4j_ending              End level equal to initial level
  94  con4k_PHS_EtoP            Maximum E-P ratio
  95   
  96  * Minimum restrictions for renewables and biomass
  97  con5a_minRES             Minimum yearly renewables requirement
  98  con5b_max_energy         Maximum yearly biomass energy
  99   
 100  * Maximum installation conditions
 101  con8a_max_I_power                Maximum installable capacity: Conventionals
 102  con8b_max_I_sto_e                Maximum installable energy: Storage energy in MWh
 103  con8c_max_I_sto_p                Maximum installable capacity: Storage inflow-outflow in MW
 104   
 105  con8f_max_pro_res                Maximum installable capacity: prosumage renewables
 106  con8g_max_pro_sto_e              Maximum installable capacity: prosumage storage energy
 107  con8h_max_sto_pro_p              Maximum installable capacity: prosumage storage power
 108   
 109  * Prosumage
 110  con11a_pro_distrib                       Prosumage: distribution of generated energy
 111  con11b_pro_balance                       Prosumage: energy balance
 112  con11c_pro_selfcon                       Prosumage: minimum self-generation requirement
 113  con11d_pro_stolev_PRO2PRO                Prosumage: storage level prosumager-to-prosumagers
 114  con11h_1_pro_stolev_start_PRO2PRO        Prosumage: storage level initial conditions
 115  con11j_pro_stolev_max                    Prosumage: maximum overall storage level
 116  con11k_pro_maxin_sto                     Prosumage: maximum storage inflow
 117  con11l_pro_maxout_sto                    Prosumage: maximum storage outflow
 118  con11o_pro_ending                        Prosumage: storage ending condition
 119   
 120   
 121  * KKT optimality conditions
 122  KKTG_L                   KKT w.r.t. G_L
 123  KKTG_UP                  KKT w.r.t. G_UP
 124  KKTG_DO                  KKT w.r.t. G_DO
 125  KKTG_RES                 KKT w.r.t. G_RES
 126  KKTCU                    KKT w.r.t. CU
 127  KKTSTO_IN                KKT w.r.t. STO_IN
 128  KKTSTO_OUT               KKT w.r.t. STO_OUT
 129  KKTSTO_L                 KKT w.r.t. STO_L
 130  KKTN_TECH_NONDIS         KKT w.r.t. N_TECH(nondis)
 131  KKTN_TECH_DIS            KKT w.r.t. N_TECH(dis)
 132  KKTN_TECH                KKT w.r.t. N_TECH
 133  KKTN_STO_E               KKT w.r.t. N_STO_E
 134  KKTN_STO_P               KKT w.r.t. N_STO_P
 135  ;
 136   
 137   
 138  ********************************************************************************
 139   
 140  * ---------------------------------------------------------------------------- *
 141  ***** Objective function *****
 142  * ---------------------------------------------------------------------------- *
 143   
 144  obj..
 145           Z =E=
 146                     sum( (h,dis) , c_m(dis)*G_L(dis,h) )
****                               $120,340,140
**** 120  Unknown identifier entered as set
**** 140  Unknown symbol
**** 340  A label/element with the same name exist. You may have forgotten
****         to quote a label/element reference. For example,
****         set i / a,b,c /; parameter x(i); x('a') = 10;
 147                   + sum( (h,dis)$(ord(h)>1) , c_up(dis)*G_UP(dis,h) )
****                                                  $140           $171
**** 140  Unknown symbol
**** 171  Domain violation for set
 148                   + sum( (h,dis) , c_do(dis)*G_DO(dis,h) )
****                                       $140           $171
**** 140  Unknown symbol
**** 171  Domain violation for set
 149                   + sum( (h,nondis) , c_cu(nondis)*CU(nondis,h) )
****                                  $120,340$140               $171
**** 120  Unknown identifier entered as set
**** 140  Unknown symbol
**** 171  Domain violation for set
**** 340  A label/element with the same name exist. You may have forgotten
****         to quote a label/element reference. For example,
****         set i / a,b,c /; parameter x(i); x('a') = 10;
 150                   + sum( (h,sto) , c_m_sto(sto) * ( STO_OUT(sto,h) + STO_IN(sto,h) ) )
****                                          $140
**** 140  Unknown symbol
 151                   + sum( tech , c_i(tech)*N_TECH(tech) )
****                                   $140
**** 140  Unknown symbol
 152                   + sum( tech , c_fix(tech)*N_TECH(tech) )
****                                     $140
**** 140  Unknown symbol
 153                   + sum( sto , c_i_sto_e(sto)*N_STO_E(sto) )
****                                        $140
**** 140  Unknown symbol
 154                   + sum( sto , c_fix_sto(sto)/2*(N_STO_P(sto)+ N_STO_E(sto)) )
****                                        $140
**** 140  Unknown symbol
 155                   + sum( sto , c_i_sto_p(sto)*N_STO_P(sto) )
****                                        $140
**** 140  Unknown symbol
 156  %prosumage$ontext
****  $409
**** 409  Unrecognizable item - skip to find a new statement
****        looking for a ';' or a key word to get started again
 157                   + sum( res , c_i(res)*N_RES_PRO(res) )
 158                   + sum( res , c_fix(res)*N_RES_PRO(res) )
 159                   + sum( sto , c_i_sto_e(sto)*N_STO_E_PRO(sto) )
 160                   + sum( sto , c_fix_sto(sto)/2*(N_STO_P_PRO(sto) + N_STO_E_PRO(sto)) )
 161                   + sum( sto , c_i_sto_p(sto)*N_STO_P_PRO(sto) )
 162                   + sum( (h,sto) , c_m_sto(sto) * ( STO_OUT_PRO2PRO(sto,h) + sum( res , STO_IN_PRO2PRO(res,sto,h)) ) )
 165  ;
 166   
 167  * ---------------------------------------------------------------------------- *
 168  ***** Energy balance and load levels *****
 169  * ---------------------------------------------------------------------------- *
 170   
 171  * Energy balance
 172  con1a_bal(h)..
 173   
 174             sum( dis , G_L(dis,h)) + sum( nondis , G_RES(nondis,h)) + sum( sto , STO_OUT(sto,h) )
****                                                                $171
**** 171  Domain violation for set
 175  %prosumage$ontext
****  $37,409
****  37  '=l=' or '=e=' or '=g=' operator expected
**** 409  Unrecognizable item - skip to find a new statement
****        looking for a ';' or a key word to get started again
 176           + sum( res , G_MARKET_PRO2M(res,h) )
 179           -  ( 1 - phi_pro_load )* d(h)
 180           -   sum( sto , STO_IN(sto,h) )
 181   
 182  %prosumage$ontext
 183           - G_MARKET_M2PRO(h)
 186   
 187         =E= 0
 188  ;
 189   
 190  con2a_loadlevel(dis,h)$(ord(h) > 1)..
 191           G_L(dis,h-1) + G_UP(dis,h) - G_DO(dis,h)  - G_L(dis,h) =E= 0
****                                  $171          $171
**** 171  Domain violation for set
 192  ;
 193   
 194  con2b_loadlevelstart(dis,h)$(ord(h) = 1)..
 195          G_UP(dis,h) - G_L(dis,h) =E= 0
****                  $171
**** 171  Domain violation for set
 196  ;
 197   
 198  con2_loadlevel(dis,h)..
 199             G_UP(dis,h)  - G_L(dis,h)
****                     $171
**** 171  Domain violation for set
 200          +  (G_L(dis,h-1) - G_DO(dis,h))$(ord(h) > 1)
****                                     $171
**** 171  Domain violation for set
 201          =E= 0
 202  ;
 203   
 204   
 205   
 206  * ---------------------------------------------------------------------------- *
 207  ***** Hourly maximum generation caps *****
 208  * ---------------------------------------------------------------------------- *
 209   
 210  con3a_maxprod_dispatchable(dis,h)..
 211   
 212           N_TECH(dis) -  G_L(dis,h)  =G= 0
****                     $171
**** 171  Domain violation for set
 213   
 214  ;
 215   
 216  con3e_maxprod_res(nondis,h)..
 217   
 218   
 219         phi_res(nondis,h)*N_TECH(nondis) - G_RES(nondis,h) - CU(nondis,h) =E= 0
****               $140                     $171            $171           $171
**** 140  Unknown symbol
**** 171  Domain violation for set
 220  ;
 221   
 222  * ---------------------------------------------------------------------------- *
 223  ***** Storage constraints *****
 224  * ---------------------------------------------------------------------------- *
 225   
 226  con4a_stolev_start(sto,h)$(ord(h) = 1)..
 227  *        phi_sto_ini(sto) * N_STO_E(sto)
 228          + STO_IN(sto,h)*(1+eta_sto(sto))/2 - STO_OUT(sto,h)/(1+eta_sto(sto))*2  - STO_L(sto,h)  =E= 0
****                                   $140
**** 140  Unknown symbol
 229  ;
 230   
 231  con4b_stolev(sto,h)$(ord(h)>1)..
 232          STO_L(sto,h-1) + STO_IN(sto,h)*(1+eta_sto(sto))/2 - STO_OUT(sto,h)/(1+eta_sto(sto))*2  -  STO_L(sto,h) =E= 0
 233  ;
 234   
 235  con4_stolev(sto,h)..
 236   
 237         + STO_IN(sto,h)*(1+eta_sto(sto))/2 - STO_OUT(sto,h)/(1+eta_sto(sto))*2  -  STO_L(sto,h)
 238  *      + (phi_sto_ini(sto)*N_STO_E(sto))$(ord(h) = 1)
 239         + (STO_L(sto,h-1))$(ord(h)>1)
 240         =E= 0
 241  ;
 242   
 243   
 244  con4c_stolev_max(sto,h)..
 245         N_STO_E(sto) -  STO_L(sto,h) =G= 0
 246  ;
 247   
 248  con4d_maxin_sto(sto,h)..
 249   
 250          N_STO_P(sto) -  STO_IN(sto,h)   =G= 0
 251  ;
 252   
 253  con4e_maxout_sto(sto,h)..
 254   
 255          N_STO_P(sto) - STO_OUT(sto,h)   =G= 0
 256  ;
 257   
 258  con4j_ending(sto,h)$(ord(h) = card(h))..
 259   
 260          phi_sto_ini(sto) * N_STO_E(sto) -  STO_L(sto,h) =E= 0
****                    $140
**** 140  Unknown symbol
 261  ;
 262   
 263   
 264  con4k_PHS_EtoP(sto)..
 265           etop_max(sto) * N_STO_P(sto) - N_STO_E(sto) =G= 0
****                  $140
**** 140  Unknown symbol
 266  ;
 267   
 268  * ---------------------------------------------------------------------------- *
 269  ***** Quotas for renewables and biomass *****
 270  * ---------------------------------------------------------------------------- *
 271   
 272  con5a_minRES..
 273  sum( h , G_L('bio',h) + sum(nondis , G_RES(nondis,h))
****                                                   $171
**** 171  Domain violation for set
 274   
 275  %prosumage$ontext
****  $8,37,409
****   8  ')' expected
****  37  '=l=' or '=e=' or '=g=' operator expected
**** 409  Unrecognizable item - skip to find a new statement
****        looking for a ';' or a key word to get started again
 276           + sum( (sto) , STO_OUT_PRO2PRO(sto,h) + sum( (res) , G_MARKET_PRO2M(res,h) + G_RES_PRO(res,h))
 279  )
 280          - phi_min_res * phi_min_res_exog * sum( h ,
 281           sum( (dis) , G_L(dis,h)) + sum( (nondis) , G_RES(nondis,h))
 282   
 283  %prosumage$ontext
 284           + sum( (res) , phi_res(res,h) * N_RES_PRO(res) - CU_PRO(res,h))
 287           )  =G= 0
 288  ;
 289   
 290  con5b_max_energy(tech)$dis_bio(tech)..
 291           m_e(tech) -  sum( h , G_L(tech,h) ) =G= 0
****             $140
**** 140  Unknown symbol
 292  ;
 293   
 294   
 295  * ---------------------------------------------------------------------------- *
 296  ***** Maximum installation constraints *****
 297  * ---------------------------------------------------------------------------- *
 298   
 299  con8a_max_I_power(tech)..
 300         m_p(tech) - N_TECH(tech)     =G= 0
****           $140
**** 140  Unknown symbol
 301  ;
 302   
 303  con8b_max_I_sto_e(sto)..
 304         m_sto_e(sto) - N_STO_E(sto)  =G= 0
****               $140
**** 140  Unknown symbol
 305  ;
 306   
 307  con8c_max_I_sto_p(sto)..
 308         m_sto_p(sto) -  N_STO_P(sto) =G= 0
****               $140
**** 140  Unknown symbol
 309  ;
 310   
 311   
 312   
 313  con8f_max_pro_res(res)..
****                      $120,340
**** 120  Unknown identifier entered as set
**** 340  A label/element with the same name exist. You may have forgotten
****         to quote a label/element reference. For example,
****         set i / a,b,c /; parameter x(i); x('a') = 10;
 314         m_res_pro(res) -  N_RES_PRO(res)     =G= 0
****                 $140                   $171
**** 140  Unknown symbol
**** 171  Domain violation for set
 315  ;
 316   
 317  con8g_max_pro_sto_e(sto)..
 318         m_sto_pro_e(sto) -  N_STO_E_PRO(sto) =G= 0
****                   $140
**** 140  Unknown symbol
 319  ;
 320   
 321  con8h_max_sto_pro_p(sto)..
 322          m_sto_pro_p(sto) -  N_STO_P_PRO(sto) =G= 0
****                    $140
**** 140  Unknown symbol
 323  ;
 324   
 325  * ---------------------------------------------------------------------------- *
 326  ***** Prosumage constraints *****
 327  * ---------------------------------------------------------------------------- *
 328   
 329  con11a_pro_distrib(res,h)..
 330           phi_res(res,h) * N_RES_PRO(res)
****                                         $171
**** 171  Domain violation for set
 331           =E=
 332           CU_PRO(res,h) + G_MARKET_PRO2M(res,h) + G_RES_PRO(res,h) + sum( sto , STO_IN_PRO2PRO(res,sto,h) )
****                     $171                    $171               $171                               $171
**** 171  Domain violation for set
 333  ;
 334   
 335  con11b_pro_balance(h)..
 336           phi_pro_load * d(h)
****                      $140$140
**** 140  Unknown symbol
 337           =E=
 338           sum( res , G_RES_PRO(res,h)) + sum( sto , STO_OUT_PRO2PRO(sto,h) ) + G_MARKET_M2PRO(h)
****                                   $171
**** 171  Domain violation for set
 339  ;
 340   
 341  con11c_pro_selfcon..
 342           sum( (h,res) , G_RES_PRO(res,h) ) + sum( (h,sto) , STO_OUT_PRO2PRO(sto,h) )
****                                       $171
**** 171  Domain violation for set
 343           =G=
 344           phi_pro_self * sum( h , phi_pro_load * d(h))
****                      $140
**** 140  Unknown symbol
 345  ;
 346   
 347  con11d_pro_stolev_PRO2PRO(sto,h)$(ord(h) > 1 )..
 348           STO_L_PRO2PRO(sto,h) =E= STO_L_PRO2PRO(sto,h-1) + sum( res , STO_IN_PRO2PRO(res,sto,h))*(1+eta_sto(sto))/2 - STO_OUT_PRO2PRO(sto,h)/(1+eta_sto(sto))*2
****                                                                                          $171
**** 171  Domain violation for set
 349  ;
 350   
 351   
 352  con11h_1_pro_stolev_start_PRO2PRO(sto,h)$( ord(h) = 1)..
 353          STO_L_PRO2PRO(sto,h) =E=   phi_sto_pro_ini(sto) * N_STO_E_PRO(sto) + sum( res , STO_IN_PRO2PRO(res,sto,h))*(1+eta_sto(sto))/2 - STO_OUT_PRO2PRO(sto,h)/(1+eta_sto(sto))*2
****                                                   $140                                                     $171
**** 140  Unknown symbol
**** 171  Domain violation for set
 354  ;
 355   
 356   
 357  con11j_pro_stolev_max(sto,h)..
 358         N_STO_E_PRO(sto) - STO_L_PRO2PRO(sto,h) =G= 0
 359  ;
 360   
 361  con11k_pro_maxin_sto(sto,h)..
 362          N_STO_P_PRO(sto) - sum( res , STO_IN_PRO2PRO(res,sto,h) )
****                                                          $171
**** 171  Domain violation for set
 363          =G= 0
 364  ;
 365   
 366  con11l_pro_maxout_sto(sto,h)..
 367          N_STO_P_PRO(sto) - STO_OUT_PRO2PRO(sto,h)
 368          =G= 0
 369  ;
 370   
 371  con11o_pro_ending(sto,h)$( ord(h) = card(h))..
 372           STO_L_PRO2PRO(sto,h) =E= phi_sto_pro_ini(sto) * N_STO_E_PRO(sto)
 373  ;
 374   
 375  * ---------------------------------------------------------------------------- *
 376  ***** FOC conditions *****
 377  * ---------------------------------------------------------------------------- *
 378   
 379  KKTG_L(tech,h)$dis(tech)..
 380   
 381      + c_m(tech)
 382      - lambda_enerbal(h)
 383      +  lambda_convgen(tech,h)
 384      + mu_conv_cap(tech,h)
 385  *    + mu_minRES*phi_min_res*phi_min_res_exog
 386      + (mu_bio_cap(tech))$dis_bio(tech)
 387  *    - mu_minRES$dis_bio(tech)
 388     - (lambda_convgen(tech,h+1))$(ord(h) > 1)
 389      =G= 0
 390   
 391  ;
 392   
 393  KKTG_UP(dis,h)..
 394   
 395       - lambda_convgen(dis,h)
 396       + (c_up(dis))$(ord(h)> 1)
 397     =G= 0
 398   
 399  ;
 400   
 401  KKTG_DO(dis,h)..
 402   
 403       + c_do(dis)
 404       + (lambda_convgen(dis,h))$(ord(h) > 1)
 405       =G= 0
 406   
 407  ;
 408   
 409  KKTG_RES(nondis,h)..
 410   
 411       - lambda_enerbal(h) + lambda_resgen(nondis,h)
 412  *     + mu_minRES*(phi_min_res*phi_min_res_exog - 1)
 413       =G= 0
 414  ;
 415   
 416  KKTCU(nondis,h)..
 417   
 418       c_cu(nondis) + lambda_resgen(nondis,h) =G= 0
 419   
 420  ;
 421   
 422  KKTSTO_IN(sto,h)..
 423   
 424      c_m_sto(sto)  + lambda_enerbal(h) -  lambda_stolev(sto,h)*(1+eta_sto(sto))/2
 425      + mu_stoin_cap(sto,h) =G= 0
 426  ;
 427   
 428  KKTSTO_OUT(sto,h)..
 429   
 430       c_m_sto(sto)  -  lambda_enerbal(h) +  lambda_stolev(sto,h)/(1+eta_sto(sto))*2
 431       +  mu_stout_cap(sto,h)
 432        =G= 0
 433  ;
 434   
 435  KKTSTO_L(sto,h)..
 436   
 437    + lambda_stolev(sto,h)
 438    +  mu_stolev_cap(sto,h)
 439    -  (lambda_stolev(sto,h+1))$(ord(h) > 1 )
 440   
 441    =G= 0
 442   
 443  ;
 444   
      KKTN_TECH_NONDIS(nondis)..
       
          c_i(nondis) +  c_fix(nondis)
          - sum( h,  lambda_resgen(nondis,h)*phi_res(nondis,h)) + mu_nondis_max_i(nondis)
          =G= 0
      ;
       
      KKTN_TECH_DIS(dis)..
       
           c_i(dis) +  c_fix(dis) - sum( h,  lambda_convgen(dis,h)) +  mu_dis_max_i(dis)
           =G= 0
       
      ;
 460   
 461  KKTN_TECH(tech)..
 462   
 463            +  c_i(tech)
 464            +  c_fix(tech)
 465            +  mu_tech_max_i(tech)
 466            - sum( h,   mu_conv_cap(tech,h))$dis(tech)
 467            - sum( h,  lambda_resgen(tech,h)*phi_res(tech,h))$nondis(tech)
 468       =G= 0
 469   
 470  ;
 471   
 472   
 473   
 474  KKTN_STO_E(sto)..
 475   
 476        +  c_fix_sto(sto)/2 +  c_i_sto_e(sto)
 477        -  sum( h,   mu_stolev_cap(sto,h))
 478        +  mu_stoe_max_i(sto)
 479  *      -  phi_sto_ini(sto)*lambda_stolev(sto,'h1')
 480        =G= 0
 481  ;
 482   
 483  KKTN_STO_P(sto)..
 484   
 485   
 486       c_fix_sto(sto)/2 + c_i_sto_p(sto)
 487       - sum( h, (mu_stoin_cap(sto,h) + mu_stout_cap(sto,h)))
 488       + mu_stop_max_i(sto)
 489       =G= 0
 490   
 491  ;
 492   
 493   
 494  ********************************************************************************
 495  ***** Fix unmatched variables of first period *****
 496  ********************************************************************************
 497   
 498  G_DO.fx(dis,'h1') = 0;
****             $171$353
**** 171  Domain violation for set
**** 353  The domain for this index position is unknown and the element
****         cannot be checked at this point. Missing data statement.
 499   
 500  * Default for reporting
 501  G_DO.l(dis,h) = 0;
****            $171
**** 171  Domain violation for set
 502  G_L.l(dis,h) = 0 ;
 503  G_UP.l(dis,h) = 0 ;
****            $171
**** 171  Domain violation for set
 504  G_RES.l(tech,h)= 0;
 505  CU.l(tech,h) = 0;
 506   
 507  STO_IN.l(sto,h)= 0;
 508  STO_OUT.l(sto,h)= 0;
 509  STO_L.l(sto,h) = 0;
 510   
 511  G_L.l('lig','h1')= 6462.22606795923;
 512   
 513   
 514  *N_TECH.l(tech)= 0;
 515  *N_STO_E.l(sto)= 0;
 516  *N_STO_P.l(sto)= 0;
 517   
 518   
 519  ********************************************************************************
 520  ***** MODEL *****
 521  ********************************************************************************
 522   
 523  model DIETER /
 524  obj
 525   
 526  con1a_bal
 527   
 528  *con2a_loadlevel
 529  *con2b_loadlevelstart
 530  con2_loadlevel
 531   
 532  con3a_maxprod_dispatchable
 533  con3e_maxprod_res
 534   
 535  *con4a_stolev_start
 536  *con4b_stolev
 537  con4_stolev
 538  con4c_stolev_max
 539  con4d_maxin_sto
 540  con4e_maxout_sto
 541  *con4k_PHS_EtoP
 542  *con4j_ending
 543   
 544  con5a_minRES
 545  con5b_max_energy
 546   
 547  %investment_model$ontext
****  $2              $140,2 $140
****   2  Identifier expected
**** 140  Unknown symbol
 548  con8a_max_I_power
 549  con8b_max_I_sto_e
 550  con8c_max_I_sto_p
 553   
 554   
 555  %prosumage$ontext
****  $2       $140,2 $236
****   2  Identifier expected
**** 140  Unknown symbol
**** 236  Duplicate identifier(s) in model definition
 556  con8f_max_pro_res
 557  con8g_max_pro_sto_e
 558  con8h_max_sto_pro_p
 559  con11a_pro_distrib
 560  con11b_pro_balance
 561  con11c_pro_selfcon
 562  con11d_pro_stolev_PRO2PRO
 563  con11h_1_pro_stolev_start_PRO2PRO
 564  con11j_pro_stolev_max
 565  con11k_pro_maxin_sto
 566  con11l_pro_maxout_sto
 567  con11o_pro_ending
 570   
 571  /;
 572   
 573  model DIETER_MCP /
 574   
 575   
 576  con1a_bal.lambda_enerbal
 577  con2_loadlevel.lambda_convgen
 578   
 579  con3a_maxprod_dispatchable.mu_conv_cap
 580  con3e_maxprod_res.lambda_resgen
 581   
 582  con4_stolev.lambda_stolev
 583  con4c_stolev_max.mu_stolev_cap
 584  con4d_maxin_sto.mu_stoin_cap
 585  con4e_maxout_sto.mu_stout_cap
 586  *con4j_ending
 587  *con5a_minRES.mu_minRES
 588  con5b_max_energy.mu_bio_cap
 589   
 590  %investment_model$ontext
****  $2               $2
****   2  Identifier expected
 591  con8a_max_I_power.mu_tech_max_i
 592  con8b_max_I_sto_e.mu_stoe_max_i
 593  con8c_max_I_sto_p.mu_stop_max_i
 596   
 597  KKTG_L.G_L
 598  KKTG_UP.G_UP
 599  KKTG_DO.G_DO
 600  KKTG_RES.G_RES
 601  KKTCU.CU
 602  KKTSTO_IN.STO_IN
 603  KKTSTO_OUT.STO_OUT
 604  KKTSTO_L.STO_L
 605   
 606  %investment_model$ontext
****  $2              $236,2 $236
****   2  Identifier expected
**** 236  Duplicate identifier(s) in model definition
 607  KKTN_TECH.N_TECH
 608  KKTN_STO_E.N_STO_E
 609  KKTN_STO_P.N_STO_P
 612  / ;

**** 84 ERROR(S)   0 WARNING(S)


COMPILATION TIME     =        0.032 SECONDS      3 MB  25.1.2 r67455 WEX-WEI


USER: Medium MUD - 10 User License                   S180308:0349AO-GEN
      Deutsches Institut fuer Wirtschaftsforschung DIW, AbteilungDC3975
      License for teaching and research at degree granting institutions


**** FILE SUMMARY

Input      C:\Users\Lenovo\Documents\GitHub\prosumage\Code\Prosumage_Opt\Dieter_Module\Modified_MCP\model.gms
Output     C:\Users\Lenovo\Documents\GitHub\prosumage\Code\Prosumage_Opt\Dieter_Module\Modified_MCP\model.lst

**** USER ERROR(S) ENCOUNTERED
