GAMS 25.1.2  r67455 Released Aug  1, 2018 WEX-WEI x86 64bit/MS Windows - 08/13/18 19:46:18 Page 1
G e n e r a l   A l g e b r a i c   M o d e l i n g   S y s t e m
C o m p i l a t i o n


   1   
   2  sets   i   canning plants,
   3         j   markets ;
   4   
   5  parameter
   6         s(i)    capacity of plant i in cases,
   7         d(j)    demand at market j in cases,
   8         c(i,j)  transport cost in thousands of dollars per case ;
   9   
  10  $include transmcp.dat
****                      $282
**** 282  Unable to open include file
  11   
  12  positive variables
  13         x(i,j)           shipment quantities in cases
  14         p_demand(j)      price at market j
  15         p_supply(i)      price at plant i;
  16   
  17  equations
  18         supply(i)      observe supply limit at plant i
  19         demand(j)      satisfy demand at market j
  20         rational(i,j);
  21   
  22  supply(i) ..     s(i) =g= sum(j, x(i,j)) ;
  23   
  24  demand(j) ..     sum(i, x(i,j))  =g=  d(j) ;
  25   
  26  rational(i,j) .. p_supply(i) + c(i,j) =g= p_demand(j) ;
  27   
  28  model transport / rational.x, demand.p_demand, supply.p_supply /;
  29   
  30  solve transport using mcp;
****                           $257
**** 257  Solve statement not checked because of previous errors

**** 2 ERROR(S)   0 WARNING(S)


COMPILATION TIME     =        0.000 SECONDS      2 MB  25.1.2 r67455 WEX-WEI


USER: Course License Energy Informatics Computer BaseS180601:0449AO-GEN
      Humboldt-Universitaet zu Berlin, WirtschaftswissenschaftliDC14161
      License for teaching and research at degree granting institutions


**** FILE SUMMARY

Input      C:\Users\Lenovo\Dropbox\ma_prosumage\Code\Prosumage_Opt\c.gms
Output     C:\Users\Lenovo\Dropbox\ma_prosumage\Code\Prosumage_Opt\c.lst

**** USER ERROR(S) ENCOUNTERED
