GAMS 24.2.3  r46072 Released May 22, 2014 WEX-WEI x86_64/MS Windows                                                                                                                                                                    10/26/18 15:50:36 Page 1
G e n e r a l   A l g e b r a i c   M o d e l i n g   S y s t e m
C o m p i l a t i o n


   1  [PROJECT]
****  $409
   2   
   3  [GDXDISP: report Par 3]
   4  PlaneDim=0
   5  RowDim=3
   6  Squeeze=1
   7  Order=1,2,3
   8  Decim=7
   9  PlaneRownr=-1
  10   
  11  [GDXDISP: report_hours Par 5]
  12  PlaneDim=0
  13  RowDim=5
  14  Squeeze=1
  15  Order=1,2,3,4,5
  16  Decim=7
  17  PlaneRownr=-1
  18   
  19  [GDXDISP: report_cost Par 4]
  20  PlaneDim=0
  21  RowDim=4
  22  Squeeze=1
  23  Order=1,2,3,4
  24  Decim=7
  25  PlaneRownr=-1
  26   
  27  [RP:MORITS_SPLIT]
  28  1=
  29   
  30  [RP:DOLORES]
  31  1=
  32   
  33  [RP:TEST_MCP2]
  34  1=
  35   
  36  [GDXDISP: report_tech Par 4]
  37  PlaneDim=0
  38  RowDim=4
  39  Squeeze=1
  40  Order=1,2,3,4
  41  Decim=7
  42  PlaneRownr=-1
  43   
  44  [RP:MORITS]
  45  1=
  46   
  47  [RP:DATALOAD]
  48  1=
  49   
  50  [RP:DIETER_V1.2.0]
****               $342
  51  1=
GAMS 24.2.3  r46072 Released May 22, 2014 WEX-WEI x86_64/MS Windows                                                                                                                                                                    10/26/18 15:50:36 Page 2
G e n e r a l   A l g e b r a i c   M o d e l i n g   S y s t e m
C o m p i l a t i o n


  52   
  53  [RP:SECOND_HOUR]
  54  1=
  55   
  56  [RP:NBES_1]
  57  1=
  58   
  59  [RP:NBES_2]
  60  1=
  61   
  62  [RP:ABRELL]
  63  1=
  64   
  65  [RP:DIETER]
  66  1=
  67   
  68  [RP:MORITS_MCP]
  69  1=
  70   
  71  [OPENWINDOW_1]
  72  MAXIM=0
  73  TOP=53
  74  LEFT=105
  75  HEIGHT=915
  76  WIDTH=1390
  77   
  78  [RP:PROSUMOD]
  79  1=
  80   
  81  [RP:UNTITLED_1]
  82  1=
  83   
  84  [GDXDISP: avail_solar_upload Par 2]
  85  PlaneDim=0
  86  RowDim=2
  87  Squeeze=1
  88  Order=1,2
  89  Decim=7
  90  PlaneRownr=-1
  91   
  92  [GDXDISP: phi_res_upload Par 2]
  93  PlaneDim=0
  94  RowDim=2
  95  Squeeze=1
  96  Order=1,2
  97  Decim=7
  98  PlaneRownr=-1
  99   
 100  [GDXDISP: price_market_upload Par 2]
 101  PlaneDim=0
 102  RowDim=2
 103  Squeeze=1
 104  Order=1,2
GAMS 24.2.3  r46072 Released May 22, 2014 WEX-WEI x86_64/MS Windows                                                                                                                                                                    10/26/18 15:50:36 Page 3
G e n e r a l   A l g e b r a i c   M o d e l i n g   S y s t e m
C o m p i l a t i o n


 105  Decim=7
 106  PlaneRownr=-1
 107   
 108  [RP:MORITS_MCP_ONLINE]
 109  1=
 110   
 111  [RP:24H_FIRSTHOURS]
 112  1=
 113   
 114  [MRUFILES]
 115  1=C:\Users\cguenther\Documents\GitHub\prosumage\Code\Source_Code\Modelle\MORITS\quarter3\MORITS_MCP_online.gms
 116  2=C:\Users\cguenther\Documents\GitHub\prosumage\Code\Source_Code\Modelle\MORITS\MORITS_MCP_online.lst
 117  3=C:\Users\cguenther\Documents\GitHub\prosumage\Code\Source_Code\Modelle\MORITS\24h_FirstHours.gms
 118  4=C:\Users\cguenther\Documents\GitHub\prosumage\Code\Source_Code\Modelle\MORITS\quarter4\24h_FirstHours.gms
 119  5=C:\Users\cguenther\Documents\GitHub\prosumage\Code\Source_Code\Modelle\MORITS\quarter4\MORITS_MCP_online.gms
 120  6=C:\Users\cguenther\Documents\GitHub\prosumage\Code\Source_Code\Modelle\MORITS\quarter2\24h_FirstHours.gms
 121  7=C:\Users\cguenther\Documents\GitHub\prosumage\Code\Source_Code\Modelle\MORITS\quarter2\MORITS_MCP_online.gms
 122  8=C:\Users\cguenther\Documents\GitHub\prosumage\Code\Source_Code\Modelle\MORITS\quarter3\24h_FirstHours.gms
 123  9=C:\Users\cguenther\Documents\GitHub\prosumage\Code\Source_Code\Modelle\MORITS\quarter1\MORITS_MCP_online.gms
GAMS 24.2.3  r46072 Released May 22, 2014 WEX-WEI x86_64/MS Windows                                                                                                                                                                    10/26/18 15:50:36 Page 4
G e n e r a l   A l g e b r a i c   M o d e l i n g   S y s t e m
Error Messages


342  Illegal suffix syntax - has to start with a letter
409  Unrecognizable item - skip to find a new statement
       looking for a ';' or a key word to get started again

**** 2 ERROR(S)   0 WARNING(S)


COMPILATION TIME     =        0.000 SECONDS      2 MB  24.2.3 r46072 WEX-WEI


USER: Medium MUD - 10 User License                   S170316:1123AO-GEN
      Deutsches Institut fuer Wirtschaftsforschung DIW, AbteilungDC3975
      License for teaching and research at degree granting institutions


**** FILE SUMMARY

Input      C:\Users\cguenther\Documents\GitHub\prosumage\Code\Source_Code\Modelle\MORITS\quarter2\morits.gpr
Output     C:\Users\cguenther\Documents\GitHub\prosumage\Code\Source_Code\Modelle\MORITS\quarter2\morits.lst

**** USER ERROR(S) ENCOUNTERED
