GAMS 24.2.3  r46072 Released May 22, 2014 WEX-WEI x86_64/MS Windows 10/24/18 11:38:39 Page 1
G e n e r a l   A l g e b r a i c   M o d e l i n g   S y s t e m
C o m p i l a t i o n


   1   
   2  **************************************************************************
      ******
      The Dispatch and Investment Evaluation Tool with Endogenous Renewables (DI
      ETER).
      Version 1.3.0, October 2017.
      Written by Alexander Zerrahn and Wolf-Peter Schill.
      This work is licensed under the MIT License (MIT).
      For more information on this license, visit http://opensource.org/licenses
      /mit-license.php.
      Whenever you use this code, please refer to http://www.diw.de/dieter.
      We are happy to receive feedback under azerrahn@diw.de and wschill@diw.de.
  12  **************************************************************************
      ******
  13   
  14   
  15   
  16  **************************************************************************
      ******
  17  **** Run of river  *******************************************************
      ******
  18  **************************************************************************
      ******
  19   
  20  * If $setglobal ror_parameter "*": choose appropriate value for N_CON.fx('
      ror') (but no reserve provision):
  21   
  22  %ror_parameter$ontext
****  $409
  23  N_TECH.fx(n,'ror') = 5857.47 ;
  24  G_RES.fx(n,'ror',h) = N_TECH.l(n,'ror') * phi_res(n,'ror',h) ;
****         $140,120  $120,340    $140               $140
  25  %reserves$ontext
****  $409
  26  RP_NONDIS.fx(n,reserves,'ror',h) = 0 ;
  29   
  30  * Fix everything to zero in case no ROR option is selected:
  31  %ror_parameter%%ror_variable%N_TECH.fx(n,'ror') = 0 ;
****  $409
  32  %ror_parameter%%ror_variable%G_RES.fx(n,'ror',h) = 0 ;
****  $409
  33  %ror_parameter%%ror_variable%RP_NONDIS.fx(n,reserves,'ror',h) = 0 ;
****  $409
  34   
  35   
  36   
  37  **************************************************************************
      ******
  38  **** Exogenous EV  *******************************************************
      ******
  39  **************************************************************************
      ******
  40   
  41  %EV$ontext
****  $409
  42  %EV_EXOG$ontext
  43  EV_DISCHARGE.fx(n,ev,h) = 0 ;
  44  RP_EV_G2V.fx(n,reserves,ev,h) = 0 ;
****             $140       $120,340,120,340
  45  RP_EV_V2G.fx(n,reserves,ev,h) = 0 ;
****             $140
  48   
  49   
  50   
  51  **************************************************************************
      ******
  52  **** No storage and DSM in first period  *********************************
      ******
  53  **************************************************************************
      ******
  54   
  55  ** No storage inflow in first period **
  56  STO_IN.fx(n,sto,h)$(ord(h) = 1) = 0;
****          $140  $120,340
  57   
  58  %DSM$ontext
****  $409
  59  ** No DSM load shifting in the first period **
  60  DSM_UP.fx(n,dsm_shift,h)$(ord(h) = 1) = 0;
  61  DSM_DO.fx(n,dsm_shift,h,hh)$(ord(h) = 1) = 0 ;
****          $140        $120,340,120,340
  62  DSM_DO.fx(n,dsm_shift,h,h)$(ord(h) = 1) = 0 ;
  63  DSM_UP_DEMAND.fx(n,dsm_shift,h)$(ord(h) = 1) = 0 ;
****                 $140
  64  DSM_DO_DEMAND.fx(n,dsm_shift,h)$(ord(h) = 1) = 0 ;
****                 $140
  65   
  66  ** No reserves provision by DSM in first period **
  67  RP_DSM_SHIFT.fx(n,reserves,dsm_shift,h)$(ord(h) = 1) = 0;
****                $140
  68  RP_DSM_CU.fx(n,reserves,dsm_curt,h)$(ord(h) = 1) = 0 ;
****             $140                $120,340
  69  RP_DSM_CU.fx(n,reserves,dsm_curt,h)$(ord(h) = 1) = 0 ;
  70   
  71  ** No provision of PR and negative reserves by DSM load curtailment **
  72  RP_DSM_CU.fx(n,reserves_prim,dsm_curt,h) = 0 ;
****                             $120,340
  73  RP_DSM_CU.fx(n,reserves_do,dsm_curt,h) = 0 ;
****                           $120,340
  74   
  75  ** No provision of PR by DSM load shifting **
  76  RP_DSM_SHIFT.fx(n,reserves_prim,dsm_shift,h) = 0 ;
  79   
  80   
  81   
  82  **************************************************************************
      ******
  83  **** No primary reserves by heating devices  *****************************
      ******
  84  **************************************************************************
      ******
  85   
  86  %heat$ontext
****  $409
  87  %reserves$ontext
  88  RP_HP.fx(n,reserves_prim,bu,hp,h) = 0 ;
  89  RP_SETS.fx(n,reserves_prim,bu,ch,h) = 0 ;
****           $140               $120,340,120,340
  90  RP_SETS_AUX.fx(n,reserves_prim,bu,ch,h) = 0 ;
****               $140
  91  RP_H_ELEC.fx(n,reserves_prim,bu,ch,h) = 0 ;
****             $140
  94   
  95   
  96   
  97  **************************************************************************
      ******
  98  **** Fixing to reduce model size  ****************************************
      ******
  99  **************************************************************************
      ******
 100   
 101  F.fx(l,h)$(m_ntc(l) = 0) = 0 ;
****     $140,120,340$140
 102  *NTC.fx(l)$(m_ntc(l) = 0) = 0 ;
 103   
 104  G_L.fx(n,tech,h)$(m_p(n,tech) = 0) = 0 ;
****       $140   $120,340$140
 105  G_UP.fx(n,tech,h)$(m_p(n,tech) = 0) = 0 ;
****        $140
 106  G_DO.fx(n,tech,h)$(m_p(n,tech) = 0) = 0 ;
****        $140
 107  N_TECH.fx(n,tech)$(m_p(n,tech) = 0) = 0 ;
 108  G_RES.fx(n,tech,h)$(m_p(n,tech) = 0) = 0 ;
 109  CU.fx(n,tech,h)$(m_p(n,tech) = 0) = 0 ;
****      $140
 110   
 111  N_STO_P.fx(n,sto)$(m_sto_p(n,sto) = 0) = 0 ;
****           $140            $140
 112  N_STO_E.fx(n,sto)$(m_sto_e(n,sto) = 0) = 0 ;
****           $140            $140
 113  STO_IN.fx(n,sto,h)$(m_sto_p(n,sto) = 0) = 0 ;
 114  STO_OUT.fx(n,sto,h)$(m_sto_p(n,sto) = 0) = 0 ;
****           $140
 115  STO_L.fx(n,sto,h)$(m_sto_p(n,sto) = 0) = 0 ;
****         $140
 116   
 117   
 118  %prosumage$ontext
****  $409
 119  CU_PRO.fx(n,res,h)$(feat_node('prosumage',n) = 0 OR m_res_pro(n,res) = 0) 
      = 0 ;
 120  G_MARKET_PRO2M.fx(n,res,h)$(feat_node('prosumage',n) = 0 OR m_res_pro(n,re
****                  $140  $120,340      $140        $116                $140
      s) = 0) = 0 ;
 121  G_MARKET_M2PRO.fx(n,h)$(feat_node('prosumage',n) = 0) = 0 ;
****                  $140
 122  G_RES_PRO.fx(n,res,h)$(feat_node('prosumage',n) = 0 OR m_res_pro(n,res) = 
****             $140
      0) = 0 ;
 123  STO_IN_PRO2PRO.fx(n,res,sto,h)$(feat_node('prosumage',n) = 0 OR m_sto_pro_
****                  $140                                                      
      p(n,sto) = 0) = 0 ;
      $140
 124  STO_IN_PRO2M.fx(n,res,sto,h)$(feat_node('prosumage',n) = 0 OR m_sto_pro_p(
****                $140
      n,sto) = 0) = 0 ;
 125  STO_IN_M2PRO.fx(n,sto,h)$(feat_node('prosumage',n) = 0 OR m_sto_pro_p(n,st
****                $140
      o) = 0) = 0 ;
 126  STO_IN_M2M.fx(n,sto,h)$(feat_node('prosumage',n) = 0 OR m_sto_pro_p(n,sto)
****              $140
       = 0) = 0 ;
 127  STO_OUT_PRO2PRO.fx(n,sto,h)$(feat_node('prosumage',n) = 0 OR m_sto_pro_p(n
****                   $140
      ,sto) = 0) = 0 ;
 128  STO_OUT_PRO2M.fx(n,sto,h)$(feat_node('prosumage',n) = 0 OR m_sto_pro_p(n,s
****                 $140
      to) = 0) = 0 ;
 129  STO_OUT_M2PRO.fx(n,sto,h)$(feat_node('prosumage',n) = 0 OR m_sto_pro_p(n,s
****                 $140
      to) = 0) = 0 ;
 130  STO_OUT_M2M.fx(n,sto,h)$(feat_node('prosumage',n) = 0 OR m_sto_pro_p(n,sto
****               $140
      ) = 0) = 0 ;
 131  STO_L_PRO2PRO.fx(n,sto,h)$(feat_node('prosumage',n) = 0 OR m_sto_pro_p(n,s
****                 $140
      to) = 0) = 0 ;
 132  STO_L_PRO2M.fx(n,sto,h)$(feat_node('prosumage',n) = 0 OR m_sto_pro_p(n,sto
****               $140
      ) = 0) = 0 ;
 133  STO_L_M2PRO.fx(n,sto,h)$(feat_node('prosumage',n) = 0 OR m_sto_pro_p(n,sto
****               $140
      ) = 0) = 0 ;
 134  STO_L_M2M.fx(n,sto,h)$(feat_node('prosumage',n) = 0 OR m_sto_pro_p(n,sto) 
****             $140
      = 0) = 0 ;
 135  N_STO_E_PRO.fx(n,sto)$(feat_node('prosumage',n) = 0 OR m_sto_pro_p(n,sto) 
****               $140
      = 0) = 0 ;
 136  N_STO_P_PRO.fx(n,sto)$(feat_node('prosumage',n) = 0 OR m_sto_pro_p(n,sto) 
****               $140
      = 0) = 0 ;
 137  STO_L_PRO.fx(n,sto,h)$(feat_node('prosumage',n) = 0 OR m_sto_pro_p(n,sto) 
****             $140
      = 0) = 0 ;
 138  N_RES_PRO.fx(n,res)$(feat_node('prosumage',n) = 0 OR m_res_pro(n,res) = 0)
****             $140
       = 0 ;
 141   
 142   
 143   
 144  **************************************************************************
      ******
 145  **** DEFAULT LEVELS FOR REPORT PARAMETERS  *******************************
      ******
 146  **************************************************************************
      ******
 147   
 148  * Default level zero for report parameters
 149  lev_Z(scen) = 0 ;
****      $140 $120,340
 150  lev_G_L(scen,n,tech,h) = 0 ;
****        $140
 151  lev_G_UP(scen,n,tech,h) = 0 ;
****         $140
 152  lev_G_DO(scen,n,tech,h) = 0 ;
****         $140
 153  lev_G_RES(scen,n,tech,h) = 0 ;
****          $140
 154  lev_CU(scen,n,tech,h) = 0 ;
****       $140
 155  lev_STO_IN(scen,n,sto,h) = 0 ;
****           $140
 156  lev_STO_OUT(scen,n,sto,h) = 0 ;
****            $140
 157  lev_STO_L(scen,n,sto,h) = 0 ;
****          $140
 158  lev_N_TECH(scen,n,tech) = 0 ;
****           $140
 159  lev_N_STO_E(scen,n,sto) = 0 ;
****            $140
 160  lev_N_STO_P(scen,n,sto) = 0 ;
****            $140
 161  marginal_con1a(scen,h,n) = 0 ;
****               $140
 162  marginal_con5a(superscen,n) = 0 ;
****               $140      $120,340
 163  lev_NTC(superscen,l) = 0 ;
****        $140
 164  lev_F(superscen,l,h) = 0 ;
****      $140
 165  lev_RSVR_OUT(superscen,n,rsvr,h) = 0 ;
****             $140             $120,340
 166  lev_RSVR_L(superscen,n,rsvr,h) = 0 ;
****           $140
 167  lev_N_RSVR_E(superscen,n,rsvr) = 0 ;
****             $140
 168  lev_N_RSVR_P(superscen,n,rsvr) = 0 ;
****             $140
 169  lev_G_INFES(superscen,n,h) = 0 ;
****            $140
 170   
 171  * Prosumage
 172  lev_CU_PRO(scen,n,tech,h) = 0 ;
****           $140
 173  lev_G_MARKET_PRO2M(scen,n,tech,h) = 0  ;
****                   $140
 174  lev_G_MARKET_M2PRO(scen,n,h) = 0  ;
****                   $140
 175  lev_G_RES_PRO(scen,n,tech,h) = 0  ;
****              $140
 176  lev_STO_IN_PRO2PRO(scen,n,tech,sto,h) = 0  ;
****                   $140
 177  lev_STO_IN_PRO2M(scen,n,tech,sto,h) = 0  ;
****                 $140
 178  lev_STO_IN_M2PRO(scen,n,sto,h) = 0   ;
****                 $140
 179  lev_STO_IN_M2M(scen,n,sto,h) = 0  ;
****               $140
 180  lev_STO_OUT_PRO2PRO(scen,n,sto,h) = 0  ;
****                    $140
 181  lev_STO_OUT_PRO2M(scen,n,sto,h) = 0  ;
****                  $140
 182  lev_STO_OUT_M2PRO(scen,n,sto,h) = 0  ;
****                  $140
 183  lev_STO_OUT_M2M(scen,n,sto,h) = 0  ;
****                $140
 184  lev_STO_L_PRO2PRO(scen,n,sto,h) = 0  ;
****                  $140
 185  lev_STO_L_PRO2M(scen,n,sto,h) = 0  ;
****                $140
 186  lev_STO_L_M2PRO(scen,n,sto,h) = 0  ;
****                $140
 187  lev_STO_L_M2M(scen,n,sto,h) = 0  ;
****              $140
 188  lev_N_STO_E_PRO(scen,n,sto) = 0  ;
****                $140
 189  lev_N_STO_P_PRO(scen,n,sto) = 0  ;
****                $140
 190  lev_STO_L_PRO(scen,n,sto,h) = 0  ;
****              $140
 191  lev_N_RES_PRO(scen,n,tech) = 0  ;
****              $140
 192   
 193   
 194   
 195  * Fixing of report parameters for run-of-river
 196  %ror_parameter$ontext
****  $409
 197  lev_N_TECH(scen,n,'ror') = 5857.47 ;
 198  lev_G_RES(scen,n,'ror',h) = lev_N_TECH(scen,n,'ror') * phi_res(n,'ror',h) 
      ;
 199  %reserves$ontext
****  $409
 200  lev_RP_NONDIS(scen,n,reserves,'ror',h) = 0 ;
 203   
 204  %ror_parameter%%ror_variable%lev_N_TECH(scen,n,'ror') = 0 ;
****  $409
 205  %ror_parameter%%ror_variable%lev_G_RES(scen,n,'ror',h) = 0 ;
****  $409
 206  %reserves$ontext
****  $409
 207  %ror_parameter%%ror_variable%lev_RP_CON(scen,n,reserves,'ror',h) = 0 ;
 210   
 211   
 212   
 213   
 214   
 215   
GAMS 24.2.3  r46072 Released May 22, 2014 WEX-WEI x86_64/MS Windows 10/24/18 11:38:39 Page 2
G e n e r a l   A l g e b r a i c   M o d e l i n g   S y s t e m
Error Messages


116  Label is unknown
120  Unknown identifier entered as set
140  Unknown symbol
340  A label/element with the same name exist. You may have forgotten
        to quote a label/element reference. For example,
        set i / a,b,c /; parameter x(i); x('a') = 10;
409  Unrecognizable item - skip to find a new statement
       looking for a ';' or a key word to get started again

**** 140 ERROR(S)   0 WARNING(S)


COMPILATION TIME     =        0.250 SECONDS      3 MB  24.2.3 r46072 WEX-WEI


USER: Medium MUD - 10 User License                   S170316:1123AO-GEN
      Deutsches Institut fuer Wirtschaftsforschung DIW, AbteilungDC3975
      License for teaching and research at degree granting institutions


**** FILE SUMMARY

Input      C:\Users\cguenther\Documents\GitHub\prosumage\Code\Prosumage_Opt\Diet
           er_Module\Modified_MCP\fix.gms
Output     C:\Users\cguenther\Documents\GitHub\prosumage\Code\Prosumage_Opt\Diet
           er_Module\Modified_MCP\fix.lst

**** USER ERROR(S) ENCOUNTERED
